<html>
<body>
<pre>
<h1>礦ision Build Log</h1>
<h2>Tool Versions:</h2>
IDE-Version: μVision V5.14.0.0
Copyright (C) 2015 ARM Ltd and ARM Germany GmbH. All rights reserved.
License Information: FD DF, SDF, LIC=8MZ56-DADWM-XABDC-7RXT3-WCZLQ-AVJ04
 
Tool Versions:
Toolchain:       MDK-ARM Professional  Version: 5.14.0.0
Toolchain Path:  C:\MDK5.14\ARM\ARMCC\Bin
C Compiler:      Armcc.exe V5.05 update 1 (build 106)
Assembler:       Armasm.exe V5.05 update 1 (build 106)
Linker/Locator:  ArmLink.exe V5.05 update 1 (build 106)
Library Manager: ArmAr.exe V5.05 update 1 (build 106)
Hex Converter:   FromElf.exe V5.05 update 1 (build 106)
CPU DLL:         SARMCM3.DLL V5.14.0.0
Dialog DLL:      DCM.DLL V1.13.1.0
Target DLL:      Segger\JL2CM3.dll V2.99.13.0
Dialog DLL:      TCM.DLL V1.14.4.0
 
<h2>Project:</h2>
C:\Users\Administrator\Desktop\中景园电子0.96OLED显示屏_STM32_F103C8系列_SPI_例程\USER\OLED.uvprojx
Project File Date:  10/19/2018

<h2>Output:</h2>
Build target 'Target 1'
compiling oled.c...
..\HARDWARE\OLED\oled.c(169): warning:  #550-D: variable "enshow" was set but never used
        u8 enshow=0;                                               
..\HARDWARE\OLED\oled.c: 1 warning, 0 errors
linking...
Program Size: Code=5776 RO-data=2408 RW-data=404 ZI-data=1836  
FromELF: creating hex file...
"..\OBJ\OLED.axf" - 0 Error(s), 1 Warning(s).

<h2>Collection of Component include folders:</h2>
  C:\Users\Administrator\Desktop\中景园电子0.96OLED显示屏_STM32_F103C8系列_SPI_例程\USER\RTE
  C:\MDK5.14\ARM\PACK\Keil\STM32F1xx_DFP\1.0.5\Device\Include

<h2>Collection of Component Files used:</h2>
</pre>
</body>
</html>
