Component: ARM Compiler 5.06 update 6 (build 750) Tool: armlink [4d35ed]

==============================================================================

Section Cross References

    main.o(.text) refers to delay.o(.text) for delay_init
    main.o(.text) refers to oled.o(.text) for OLED_Init
    main.o(.text) refers to stm32f0xx_gpio.o(.text) for GPIO_ResetBits
    main.o(.text) refers to main.o(.data) for BMP1
    system_stm32f0xx.o(.text) refers to uidiv.o(.text) for __aeabi_uidivmod
    system_stm32f0xx.o(.text) refers to system_stm32f0xx.o(.data) for SystemCoreClock
    startup_stm32f0xx.o(RESET) refers to startup_stm32f0xx.o(STACK) for __initial_sp
    startup_stm32f0xx.o(RESET) refers to startup_stm32f0xx.o(.text) for Reset_Handler
    startup_stm32f0xx.o(RESET) refers to stm32f0xx_it.o(.text) for NMI_Handler
    startup_stm32f0xx.o(.text) refers to system_stm32f0xx.o(.text) for SystemInit
    startup_stm32f0xx.o(.text) refers to entry.o(.ARM.Collect$$$$00000000) for __main
    oled.o(.text) refers to stm32f0xx_gpio.o(.text) for GPIO_SetBits
    oled.o(.text) refers to idiv.o(.text) for __aeabi_idivmod
    oled.o(.text) refers to uidiv.o(.text) for __aeabi_uidivmod
    oled.o(.text) refers to oled.o(.bss) for OLED_GRAM
    oled.o(.text) refers to oled.o(.constdata) for asc2_1206
    oled.o(.text) refers to stm32f0xx_rcc.o(.text) for RCC_AHBPeriphClockCmd
    oled.o(.text) refers to delay.o(.text) for delay_ms
    delay.o(.text) refers to stm32f0xx_misc.o(.text) for SysTick_CLKSourceConfig
    delay.o(.text) refers to uidiv.o(.text) for __aeabi_uidivmod
    delay.o(.text) refers to system_stm32f0xx.o(.data) for SystemCoreClock
    delay.o(.text) refers to delay.o(.data) for fac_us
    stm32f0xx_gpio.o(.text) refers to stm32f0xx_rcc.o(.text) for RCC_AHBPeriphResetCmd
    stm32f0xx_rcc.o(.text) refers to uidiv.o(.text) for __aeabi_uidivmod
    stm32f0xx_rcc.o(.text) refers to stm32f0xx_rcc.o(.data) for APBAHBPrescTable
    stm32f0xx_usart.o(.text) refers to stm32f0xx_rcc.o(.text) for RCC_APB2PeriphResetCmd
    stm32f0xx_usart.o(.text) refers to uidiv.o(.text) for __aeabi_uidivmod
    entry.o(.ARM.Collect$$$$00000000) refers (Special) to entry10a.o(.ARM.Collect$$$$0000000D) for __rt_final_cpp
    entry.o(.ARM.Collect$$$$00000000) refers (Special) to entry11a.o(.ARM.Collect$$$$0000000F) for __rt_final_exit
    entry.o(.ARM.Collect$$$$00000000) refers (Special) to entry7b.o(.ARM.Collect$$$$00000008) for _main_clock
    entry.o(.ARM.Collect$$$$00000000) refers (Special) to entry8b.o(.ARM.Collect$$$$0000000A) for _main_cpp_init
    entry.o(.ARM.Collect$$$$00000000) refers (Special) to entry9a.o(.ARM.Collect$$$$0000000B) for _main_init
    entry.o(.ARM.Collect$$$$00000000) refers (Special) to entry5.o(.ARM.Collect$$$$00000004) for _main_scatterload
    entry.o(.ARM.Collect$$$$00000000) refers (Special) to entry2.o(.ARM.Collect$$$$00000001) for _main_stk
    idiv.o(.text) refers to uidiv.o(.text) for __aeabi_uidivmod
    entry2.o(.ARM.Collect$$$$00000001) refers to entry2.o(.ARM.Collect$$$$00002712) for __lit__00000000
    entry2.o(.ARM.Collect$$$$00002712) refers to startup_stm32f0xx.o(STACK) for __initial_sp
    entry2.o(__vectab_stack_and_reset_area) refers to startup_stm32f0xx.o(STACK) for __initial_sp
    entry2.o(__vectab_stack_and_reset_area) refers to entry.o(.ARM.Collect$$$$00000000) for __main
    entry5.o(.ARM.Collect$$$$00000004) refers to init.o(.text) for __scatterload
    entry9a.o(.ARM.Collect$$$$0000000B) refers to main.o(.text) for main
    entry9b.o(.ARM.Collect$$$$0000000C) refers to main.o(.text) for main
    init.o(.text) refers to entry5.o(.ARM.Collect$$$$00000004) for __main_after_scatterload


==============================================================================

Removing Unused input sections from the image.

    Removing main.o(.emb_text), (8 bytes).
    Removing stm32f0xx_it.o(.emb_text), (8 bytes).
    Removing system_stm32f0xx.o(.emb_text), (8 bytes).
    Removing startup_stm32f0xx.o(HEAP), (512 bytes).
    Removing oled.o(.emb_text), (8 bytes).
    Removing delay.o(.emb_text), (8 bytes).
    Removing stm32f0xx_gpio.o(.emb_text), (8 bytes).
    Removing stm32f0xx_rcc.o(.emb_text), (8 bytes).
    Removing stm32f0xx_misc.o(.emb_text), (8 bytes).
    Removing stm32f0xx_usart.o(.emb_text), (8 bytes).
    Removing stm32f0xx_usart.o(.text), (1396 bytes).

11 unused section(s) (total 1980 bytes) removed from the image.

==============================================================================

Image Symbol Table

    Local Symbols

    Symbol Name                              Value     Ov Type        Size  Object(Section)

    ../clib/../cmprslib/zerorunl2.c          0x00000000   Number         0  __dczerorl2.o ABSOLUTE
    ../clib/microlib/division.c              0x00000000   Number         0  uidiv.o ABSOLUTE
    ../clib/microlib/division.c              0x00000000   Number         0  idiv.o ABSOLUTE
    ../clib/microlib/init/entry.s            0x00000000   Number         0  entry8a.o ABSOLUTE
    ../clib/microlib/init/entry.s            0x00000000   Number         0  entry.o ABSOLUTE
    ../clib/microlib/init/entry.s            0x00000000   Number         0  entry9b.o ABSOLUTE
    ../clib/microlib/init/entry.s            0x00000000   Number         0  entry10a.o ABSOLUTE
    ../clib/microlib/init/entry.s            0x00000000   Number         0  entry11a.o ABSOLUTE
    ../clib/microlib/init/entry.s            0x00000000   Number         0  entry5.o ABSOLUTE
    ../clib/microlib/init/entry.s            0x00000000   Number         0  entry9a.o ABSOLUTE
    ../clib/microlib/init/entry.s            0x00000000   Number         0  entry11b.o ABSOLUTE
    ../clib/microlib/init/entry.s            0x00000000   Number         0  entry7b.o ABSOLUTE
    ../clib/microlib/init/entry.s            0x00000000   Number         0  entry7a.o ABSOLUTE
    ../clib/microlib/init/entry.s            0x00000000   Number         0  entry10b.o ABSOLUTE
    ../clib/microlib/init/entry.s            0x00000000   Number         0  entry8b.o ABSOLUTE
    ../clib/microlib/init/entry.s            0x00000000   Number         0  entry2.o ABSOLUTE
    ..\CORE\startup_stm32f0xx.s              0x00000000   Number         0  startup_stm32f0xx.o ABSOLUTE
    ..\HARDWARE\oled.c                       0x00000000   Number         0  oled.o ABSOLUTE
    ..\STM32F03x_FWLib\src\stm32f0xx_gpio.c  0x00000000   Number         0  stm32f0xx_gpio.o ABSOLUTE
    ..\STM32F03x_FWLib\src\stm32f0xx_misc.c  0x00000000   Number         0  stm32f0xx_misc.o ABSOLUTE
    ..\STM32F03x_FWLib\src\stm32f0xx_rcc.c   0x00000000   Number         0  stm32f0xx_rcc.o ABSOLUTE
    ..\STM32F03x_FWLib\src\stm32f0xx_usart.c 0x00000000   Number         0  stm32f0xx_usart.o ABSOLUTE
    ..\SYSTEM\delay.c                        0x00000000   Number         0  delay.o ABSOLUTE
    ..\\HARDWARE\\oled.c                     0x00000000   Number         0  oled.o ABSOLUTE
    ..\\STM32F03x_FWLib\\src\\stm32f0xx_gpio.c 0x00000000   Number         0  stm32f0xx_gpio.o ABSOLUTE
    ..\\STM32F03x_FWLib\\src\\stm32f0xx_misc.c 0x00000000   Number         0  stm32f0xx_misc.o ABSOLUTE
    ..\\STM32F03x_FWLib\\src\\stm32f0xx_rcc.c 0x00000000   Number         0  stm32f0xx_rcc.o ABSOLUTE
    ..\\STM32F03x_FWLib\\src\\stm32f0xx_usart.c 0x00000000   Number         0  stm32f0xx_usart.o ABSOLUTE
    ..\\SYSTEM\\delay.c                      0x00000000   Number         0  delay.o ABSOLUTE
    dc.s                                     0x00000000   Number         0  dc.o ABSOLUTE
    handlers.s                               0x00000000   Number         0  handlers.o ABSOLUTE
    init.s                                   0x00000000   Number         0  init.o ABSOLUTE
    main.c                                   0x00000000   Number         0  main.o ABSOLUTE
    main.c                                   0x00000000   Number         0  main.o ABSOLUTE
    stm32f0xx_it.c                           0x00000000   Number         0  stm32f0xx_it.o ABSOLUTE
    stm32f0xx_it.c                           0x00000000   Number         0  stm32f0xx_it.o ABSOLUTE
    system_stm32f0xx.c                       0x00000000   Number         0  system_stm32f0xx.o ABSOLUTE
    system_stm32f0xx.c                       0x00000000   Number         0  system_stm32f0xx.o ABSOLUTE
    RESET                                    0x08000000   Section      192  startup_stm32f0xx.o(RESET)
    .ARM.Collect$$$$00000000                 0x080000c0   Section        0  entry.o(.ARM.Collect$$$$00000000)
    .ARM.Collect$$$$00000001                 0x080000c0   Section        4  entry2.o(.ARM.Collect$$$$00000001)
    .ARM.Collect$$$$00000004                 0x080000c4   Section        4  entry5.o(.ARM.Collect$$$$00000004)
    .ARM.Collect$$$$00000008                 0x080000c8   Section        0  entry7b.o(.ARM.Collect$$$$00000008)
    .ARM.Collect$$$$0000000A                 0x080000c8   Section        0  entry8b.o(.ARM.Collect$$$$0000000A)
    .ARM.Collect$$$$0000000B                 0x080000c8   Section        8  entry9a.o(.ARM.Collect$$$$0000000B)
    .ARM.Collect$$$$0000000D                 0x080000d0   Section        0  entry10a.o(.ARM.Collect$$$$0000000D)
    .ARM.Collect$$$$0000000F                 0x080000d0   Section        0  entry11a.o(.ARM.Collect$$$$0000000F)
    .ARM.Collect$$$$00002712                 0x080000d0   Section        4  entry2.o(.ARM.Collect$$$$00002712)
    __lit__00000000                          0x080000d0   Data           4  entry2.o(.ARM.Collect$$$$00002712)
    .text                                    0x080000d4   Section        0  main.o(.text)
    .text                                    0x08000224   Section        0  stm32f0xx_it.o(.text)
    .text                                    0x08000230   Section        0  system_stm32f0xx.o(.text)
    SetSysClock                              0x08000231   Thumb Code   206  system_stm32f0xx.o(.text)
    .text                                    0x08000428   Section       28  startup_stm32f0xx.o(.text)
    .text                                    0x08000444   Section        0  oled.o(.text)
    .text                                    0x08000cd0   Section        0  delay.o(.text)
    .text                                    0x08000da4   Section        0  stm32f0xx_gpio.o(.text)
    .text                                    0x08000f94   Section        0  stm32f0xx_rcc.o(.text)
    .text                                    0x0800158c   Section        0  stm32f0xx_misc.o(.text)
    .text                                    0x08001640   Section        0  uidiv.o(.text)
    .text                                    0x0800166c   Section        0  idiv.o(.text)
    .text                                    0x08001694   Section       36  init.o(.text)
    .text                                    0x080016b8   Section        0  __dczerorl2.o(.text)
    i.__scatterload_copy                     0x0800170e   Section       14  handlers.o(i.__scatterload_copy)
    i.__scatterload_null                     0x0800171c   Section        2  handlers.o(i.__scatterload_null)
    i.__scatterload_zeroinit                 0x0800171e   Section       14  handlers.o(i.__scatterload_zeroinit)
    .constdata                               0x0800172c   Section    11256  oled.o(.constdata)
    .data                                    0x20000000   Section     1384  main.o(.data)
    .data                                    0x20000568   Section       20  system_stm32f0xx.o(.data)
    .data                                    0x2000057c   Section        4  delay.o(.data)
    fac_us                                   0x2000057c   Data           1  delay.o(.data)
    fac_ms                                   0x2000057e   Data           2  delay.o(.data)
    .data                                    0x20000580   Section       16  stm32f0xx_rcc.o(.data)
    APBAHBPrescTable                         0x20000580   Data          16  stm32f0xx_rcc.o(.data)
    .bss                                     0x20000590   Section      928  oled.o(.bss)
    STACK                                    0x20000930   Section     1024  startup_stm32f0xx.o(STACK)

    Global Symbols

    Symbol Name                              Value     Ov Type        Size  Object(Section)

    BuildAttributes$$THM_ISAv3M$S$PE$A:L22$X:L11$S22$IEEE1$IW$USESV6$~STKCKD$USESV7$~SHL$OSPACE$EBA8$MICROLIB$REQ8$PRES8$EABIv2 0x00000000   Number         0  anon$$obj.o ABSOLUTE
    __ARM_use_no_argv                        0x00000000   Number         0  main.o ABSOLUTE
    __cpp_initialize__aeabi_                  - Undefined Weak Reference
    __cxa_finalize                            - Undefined Weak Reference
    _clock_init                               - Undefined Weak Reference
    _microlib_exit                            - Undefined Weak Reference
    __Vectors_Size                           0x000000c0   Number         0  startup_stm32f0xx.o ABSOLUTE
    __Vectors                                0x08000000   Data           4  startup_stm32f0xx.o(RESET)
    __Vectors_End                            0x080000c0   Data           0  startup_stm32f0xx.o(RESET)
    __main                                   0x080000c1   Thumb Code     0  entry.o(.ARM.Collect$$$$00000000)
    _main_stk                                0x080000c1   Thumb Code     0  entry2.o(.ARM.Collect$$$$00000001)
    _main_scatterload                        0x080000c5   Thumb Code     0  entry5.o(.ARM.Collect$$$$00000004)
    __main_after_scatterload                 0x080000c9   Thumb Code     0  entry5.o(.ARM.Collect$$$$00000004)
    _main_clock                              0x080000c9   Thumb Code     0  entry7b.o(.ARM.Collect$$$$00000008)
    _main_cpp_init                           0x080000c9   Thumb Code     0  entry8b.o(.ARM.Collect$$$$0000000A)
    _main_init                               0x080000c9   Thumb Code     0  entry9a.o(.ARM.Collect$$$$0000000B)
    __rt_final_cpp                           0x080000d1   Thumb Code     0  entry10a.o(.ARM.Collect$$$$0000000D)
    __rt_final_exit                          0x080000d1   Thumb Code     0  entry11a.o(.ARM.Collect$$$$0000000F)
    main                                     0x080000d5   Thumb Code   304  main.o(.text)
    NMI_Handler                              0x08000225   Thumb Code     2  stm32f0xx_it.o(.text)
    HardFault_Handler                        0x08000227   Thumb Code     4  stm32f0xx_it.o(.text)
    SVC_Handler                              0x0800022b   Thumb Code     2  stm32f0xx_it.o(.text)
    PendSV_Handler                           0x0800022d   Thumb Code     2  stm32f0xx_it.o(.text)
    SysTick_Handler                          0x0800022f   Thumb Code     2  stm32f0xx_it.o(.text)
    SystemInit                               0x080002ff   Thumb Code   110  system_stm32f0xx.o(.text)
    SystemCoreClockUpdate                    0x0800036d   Thumb Code   154  system_stm32f0xx.o(.text)
    Reset_Handler                            0x08000429   Thumb Code     8  startup_stm32f0xx.o(.text)
    ADC1_COMP_IRQHandler                     0x0800043b   Thumb Code     0  startup_stm32f0xx.o(.text)
    CEC_IRQHandler                           0x0800043b   Thumb Code     0  startup_stm32f0xx.o(.text)
    DMA1_Channel1_IRQHandler                 0x0800043b   Thumb Code     0  startup_stm32f0xx.o(.text)
    DMA1_Channel2_3_IRQHandler               0x0800043b   Thumb Code     0  startup_stm32f0xx.o(.text)
    DMA1_Channel4_5_IRQHandler               0x0800043b   Thumb Code     0  startup_stm32f0xx.o(.text)
    EXTI0_1_IRQHandler                       0x0800043b   Thumb Code     0  startup_stm32f0xx.o(.text)
    EXTI2_3_IRQHandler                       0x0800043b   Thumb Code     0  startup_stm32f0xx.o(.text)
    EXTI4_15_IRQHandler                      0x0800043b   Thumb Code     0  startup_stm32f0xx.o(.text)
    FLASH_IRQHandler                         0x0800043b   Thumb Code     0  startup_stm32f0xx.o(.text)
    I2C1_IRQHandler                          0x0800043b   Thumb Code     0  startup_stm32f0xx.o(.text)
    I2C2_IRQHandler                          0x0800043b   Thumb Code     0  startup_stm32f0xx.o(.text)
    PVD_IRQHandler                           0x0800043b   Thumb Code     0  startup_stm32f0xx.o(.text)
    RCC_IRQHandler                           0x0800043b   Thumb Code     0  startup_stm32f0xx.o(.text)
    RTC_IRQHandler                           0x0800043b   Thumb Code     0  startup_stm32f0xx.o(.text)
    SPI1_IRQHandler                          0x0800043b   Thumb Code     0  startup_stm32f0xx.o(.text)
    SPI2_IRQHandler                          0x0800043b   Thumb Code     0  startup_stm32f0xx.o(.text)
    TIM14_IRQHandler                         0x0800043b   Thumb Code     0  startup_stm32f0xx.o(.text)
    TIM15_IRQHandler                         0x0800043b   Thumb Code     0  startup_stm32f0xx.o(.text)
    TIM16_IRQHandler                         0x0800043b   Thumb Code     0  startup_stm32f0xx.o(.text)
    TIM17_IRQHandler                         0x0800043b   Thumb Code     0  startup_stm32f0xx.o(.text)
    TIM1_BRK_UP_TRG_COM_IRQHandler           0x0800043b   Thumb Code     0  startup_stm32f0xx.o(.text)
    TIM1_CC_IRQHandler                       0x0800043b   Thumb Code     0  startup_stm32f0xx.o(.text)
    TIM2_IRQHandler                          0x0800043b   Thumb Code     0  startup_stm32f0xx.o(.text)
    TIM3_IRQHandler                          0x0800043b   Thumb Code     0  startup_stm32f0xx.o(.text)
    TIM6_DAC_IRQHandler                      0x0800043b   Thumb Code     0  startup_stm32f0xx.o(.text)
    TS_IRQHandler                            0x0800043b   Thumb Code     0  startup_stm32f0xx.o(.text)
    USART1_IRQHandler                        0x0800043b   Thumb Code     0  startup_stm32f0xx.o(.text)
    USART2_IRQHandler                        0x0800043b   Thumb Code     0  startup_stm32f0xx.o(.text)
    WWDG_IRQHandler                          0x0800043b   Thumb Code     0  startup_stm32f0xx.o(.text)
    OLED_WR_Byte                             0x08000445   Thumb Code   130  oled.o(.text)
    OLED_ColorTurn                           0x080004c7   Thumb Code    30  oled.o(.text)
    OLED_DisplayTurn                         0x080004e5   Thumb Code    46  oled.o(.text)
    OLED_DisPlay_On                          0x08000513   Thumb Code    28  oled.o(.text)
    OLED_DisPlay_Off                         0x0800052f   Thumb Code    28  oled.o(.text)
    OLED_Refresh                             0x0800054b   Thumb Code    70  oled.o(.text)
    OLED_Clear                               0x08000591   Thumb Code    42  oled.o(.text)
    OLED_DrawPoint                           0x080005bb   Thumb Code    60  oled.o(.text)
    OLED_ClearPoint                          0x080005f7   Thumb Code    92  oled.o(.text)
    OLED_DrawLine                            0x08000653   Thumb Code   184  oled.o(.text)
    OLED_DrawCircle                          0x0800070b   Thumb Code   154  oled.o(.text)
    OLED_ShowChar                            0x080007a5   Thumb Code   216  oled.o(.text)
    OLED_ShowString                          0x0800087d   Thumb Code    66  oled.o(.text)
    OLED_Pow                                 0x080008bf   Thumb Code    26  oled.o(.text)
    OLED_ShowNum                             0x080008d9   Thumb Code   140  oled.o(.text)
    OLED_ShowChinese                         0x08000965   Thumb Code   248  oled.o(.text)
    OLED_ScrollDisplay                       0x08000a5d   Thumb Code   166  oled.o(.text)
    OLED_WR_BP                               0x08000b03   Thumb Code    52  oled.o(.text)
    OLED_ShowPicture                         0x08000b37   Thumb Code    74  oled.o(.text)
    OLED_Init                                0x08000b81   Thumb Code   310  oled.o(.text)
    delay_init                               0x08000cd1   Thumb Code    44  delay.o(.text)
    delay_us                                 0x08000cfd   Thumb Code    74  delay.o(.text)
    delay_ms                                 0x08000d47   Thumb Code    74  delay.o(.text)
    GPIO_DeInit                              0x08000da5   Thumb Code   132  stm32f0xx_gpio.o(.text)
    GPIO_Init                                0x08000e29   Thumb Code   144  stm32f0xx_gpio.o(.text)
    GPIO_StructInit                          0x08000eb9   Thumb Code    20  stm32f0xx_gpio.o(.text)
    GPIO_PinLockConfig                       0x08000ecd   Thumb Code    34  stm32f0xx_gpio.o(.text)
    GPIO_ReadInputDataBit                    0x08000eef   Thumb Code    20  stm32f0xx_gpio.o(.text)
    GPIO_ReadInputData                       0x08000f03   Thumb Code     6  stm32f0xx_gpio.o(.text)
    GPIO_ReadOutputDataBit                   0x08000f09   Thumb Code    20  stm32f0xx_gpio.o(.text)
    GPIO_ReadOutputData                      0x08000f1d   Thumb Code     6  stm32f0xx_gpio.o(.text)
    GPIO_SetBits                             0x08000f23   Thumb Code     4  stm32f0xx_gpio.o(.text)
    GPIO_ResetBits                           0x08000f27   Thumb Code     4  stm32f0xx_gpio.o(.text)
    GPIO_WriteBit                            0x08000f2b   Thumb Code    12  stm32f0xx_gpio.o(.text)
    GPIO_Write                               0x08000f37   Thumb Code     4  stm32f0xx_gpio.o(.text)
    GPIO_PinAFConfig                         0x08000f3b   Thumb Code    68  stm32f0xx_gpio.o(.text)
    RCC_DeInit                               0x08000f95   Thumb Code   104  stm32f0xx_rcc.o(.text)
    RCC_HSEConfig                            0x08000ffd   Thumb Code    12  stm32f0xx_rcc.o(.text)
    RCC_GetFlagStatus                        0x08001009   Thumb Code    68  stm32f0xx_rcc.o(.text)
    RCC_WaitForHSEStartUp                    0x0800104d   Thumb Code    60  stm32f0xx_rcc.o(.text)
    RCC_AdjustHSICalibrationValue            0x08001089   Thumb Code    26  stm32f0xx_rcc.o(.text)
    RCC_HSICmd                               0x080010a3   Thumb Code    32  stm32f0xx_rcc.o(.text)
    RCC_AdjustHSI14CalibrationValue          0x080010c3   Thumb Code    26  stm32f0xx_rcc.o(.text)
    RCC_HSI14Cmd                             0x080010dd   Thumb Code    32  stm32f0xx_rcc.o(.text)
    RCC_HSI14ADCRequestCmd                   0x080010fd   Thumb Code    32  stm32f0xx_rcc.o(.text)
    RCC_LSEConfig                            0x0800111d   Thumb Code    34  stm32f0xx_rcc.o(.text)
    RCC_LSEDriveConfig                       0x0800113f   Thumb Code    22  stm32f0xx_rcc.o(.text)
    RCC_LSICmd                               0x08001155   Thumb Code    32  stm32f0xx_rcc.o(.text)
    RCC_PLLConfig                            0x08001175   Thumb Code    30  stm32f0xx_rcc.o(.text)
    RCC_PLLCmd                               0x08001193   Thumb Code    36  stm32f0xx_rcc.o(.text)
    RCC_PREDIV1Config                        0x080011b7   Thumb Code    24  stm32f0xx_rcc.o(.text)
    RCC_ClockSecuritySystemCmd               0x080011cf   Thumb Code    36  stm32f0xx_rcc.o(.text)
    RCC_MCOConfig                            0x080011f3   Thumb Code     6  stm32f0xx_rcc.o(.text)
    RCC_SYSCLKConfig                         0x080011f9   Thumb Code    24  stm32f0xx_rcc.o(.text)
    RCC_GetSYSCLKSource                      0x08001211   Thumb Code    10  stm32f0xx_rcc.o(.text)
    RCC_HCLKConfig                           0x0800121b   Thumb Code    28  stm32f0xx_rcc.o(.text)
    RCC_PCLKConfig                           0x08001237   Thumb Code    30  stm32f0xx_rcc.o(.text)
    RCC_ADCCLKConfig                         0x08001255   Thumb Code    52  stm32f0xx_rcc.o(.text)
    RCC_CECCLKConfig                         0x08001289   Thumb Code    22  stm32f0xx_rcc.o(.text)
    RCC_I2CCLKConfig                         0x0800129f   Thumb Code    22  stm32f0xx_rcc.o(.text)
    RCC_USARTCLKConfig                       0x080012b5   Thumb Code    22  stm32f0xx_rcc.o(.text)
    RCC_GetClocksFreq                        0x080012cb   Thumb Code   368  stm32f0xx_rcc.o(.text)
    RCC_RTCCLKConfig                         0x0800143b   Thumb Code    12  stm32f0xx_rcc.o(.text)
    RCC_RTCCLKCmd                            0x08001447   Thumb Code    36  stm32f0xx_rcc.o(.text)
    RCC_BackupResetCmd                       0x0800146b   Thumb Code    36  stm32f0xx_rcc.o(.text)
    RCC_AHBPeriphClockCmd                    0x0800148f   Thumb Code    28  stm32f0xx_rcc.o(.text)
    RCC_APB2PeriphClockCmd                   0x080014ab   Thumb Code    28  stm32f0xx_rcc.o(.text)
    RCC_APB1PeriphClockCmd                   0x080014c7   Thumb Code    28  stm32f0xx_rcc.o(.text)
    RCC_AHBPeriphResetCmd                    0x080014e3   Thumb Code    28  stm32f0xx_rcc.o(.text)
    RCC_APB2PeriphResetCmd                   0x080014ff   Thumb Code    28  stm32f0xx_rcc.o(.text)
    RCC_APB1PeriphResetCmd                   0x0800151b   Thumb Code    28  stm32f0xx_rcc.o(.text)
    RCC_ITConfig                             0x08001537   Thumb Code    28  stm32f0xx_rcc.o(.text)
    RCC_ClearFlag                            0x08001553   Thumb Code    16  stm32f0xx_rcc.o(.text)
    RCC_GetITStatus                          0x08001563   Thumb Code    22  stm32f0xx_rcc.o(.text)
    RCC_ClearITPendingBit                    0x08001579   Thumb Code     6  stm32f0xx_rcc.o(.text)
    NVIC_Init                                0x0800158d   Thumb Code   106  stm32f0xx_misc.o(.text)
    NVIC_SystemLPConfig                      0x080015f7   Thumb Code    28  stm32f0xx_misc.o(.text)
    SysTick_CLKSourceConfig                  0x08001613   Thumb Code    32  stm32f0xx_misc.o(.text)
    __aeabi_uidiv                            0x08001641   Thumb Code     0  uidiv.o(.text)
    __aeabi_uidivmod                         0x08001641   Thumb Code    44  uidiv.o(.text)
    __aeabi_idiv                             0x0800166d   Thumb Code     0  idiv.o(.text)
    __aeabi_idivmod                          0x0800166d   Thumb Code    40  idiv.o(.text)
    __scatterload                            0x08001695   Thumb Code    28  init.o(.text)
    __scatterload_rt2                        0x08001695   Thumb Code     0  init.o(.text)
    __decompress                             0x080016b9   Thumb Code     0  __dczerorl2.o(.text)
    __decompress1                            0x080016b9   Thumb Code    86  __dczerorl2.o(.text)
    __scatterload_copy                       0x0800170f   Thumb Code    14  handlers.o(i.__scatterload_copy)
    __scatterload_null                       0x0800171d   Thumb Code     2  handlers.o(i.__scatterload_null)
    __scatterload_zeroinit                   0x0800171f   Thumb Code    14  handlers.o(i.__scatterload_zeroinit)
    asc2_1206                                0x0800172c   Data        1140  oled.o(.constdata)
    asc2_1608                                0x08001ba0   Data        1520  oled.o(.constdata)
    asc2_2412                                0x08002190   Data        3420  oled.o(.constdata)
    Hzk1                                     0x08002eec   Data         352  oled.o(.constdata)
    Hzk2                                     0x0800304c   Data         216  oled.o(.constdata)
    Hzk3                                     0x08003124   Data         512  oled.o(.constdata)
    Hzk4                                     0x08003324   Data        4096  oled.o(.constdata)
    Region$$Table$$Base                      0x08004324   Number         0  anon$$obj.o(Region$$Table)
    Region$$Table$$Limit                     0x08004344   Number         0  anon$$obj.o(Region$$Table)
    BMP1                                     0x20000000   Data         360  main.o(.data)
    BMP2                                     0x20000168   Data        1024  main.o(.data)
    SystemCoreClock                          0x20000568   Data           4  system_stm32f0xx.o(.data)
    AHBPrescTable                            0x2000056c   Data          16  system_stm32f0xx.o(.data)
    OLED_GRAM                                0x20000590   Data         928  oled.o(.bss)
    __initial_sp                             0x20000d30   Data           0  startup_stm32f0xx.o(STACK)



==============================================================================

Memory Map of the image

  Image Entry point : 0x08000429

  Load Region LR_1 (Base: 0x08000000, Size: 0x000048d4, Max: 0xffffffff, ABSOLUTE, COMPRESSED[0x00004508])

    Execution Region ER_RO (Exec base: 0x08000000, Load base: 0x08000000, Size: 0x00004344, Max: 0xffffffff, ABSOLUTE)

    Exec Addr    Load Addr    Size         Type   Attr      Idx    E Section Name        Object

    0x08000000   0x08000000   0x000000c0   Data   RO          140    RESET               startup_stm32f0xx.o
    0x080000c0   0x080000c0   0x00000000   Code   RO          290  * .ARM.Collect$$$$00000000  mc_p.l(entry.o)
    0x080000c0   0x080000c0   0x00000004   Code   RO          297    .ARM.Collect$$$$00000001  mc_p.l(entry2.o)
    0x080000c4   0x080000c4   0x00000004   Code   RO          300    .ARM.Collect$$$$00000004  mc_p.l(entry5.o)
    0x080000c8   0x080000c8   0x00000000   Code   RO          302    .ARM.Collect$$$$00000008  mc_p.l(entry7b.o)
    0x080000c8   0x080000c8   0x00000000   Code   RO          304    .ARM.Collect$$$$0000000A  mc_p.l(entry8b.o)
    0x080000c8   0x080000c8   0x00000008   Code   RO          305    .ARM.Collect$$$$0000000B  mc_p.l(entry9a.o)
    0x080000d0   0x080000d0   0x00000000   Code   RO          307    .ARM.Collect$$$$0000000D  mc_p.l(entry10a.o)
    0x080000d0   0x080000d0   0x00000000   Code   RO          309    .ARM.Collect$$$$0000000F  mc_p.l(entry11a.o)
    0x080000d0   0x080000d0   0x00000004   Code   RO          298    .ARM.Collect$$$$00002712  mc_p.l(entry2.o)
    0x080000d4   0x080000d4   0x00000150   Code   RO            2    .text               main.o
    0x08000224   0x08000224   0x0000000c   Code   RO           67    .text               stm32f0xx_it.o
    0x08000230   0x08000230   0x000001f8   Code   RO          117    .text               system_stm32f0xx.o
    0x08000428   0x08000428   0x0000001c   Code   RO          141  * .text               startup_stm32f0xx.o
    0x08000444   0x08000444   0x0000088c   Code   RO          146    .text               oled.o
    0x08000cd0   0x08000cd0   0x000000d4   Code   RO          188    .text               delay.o
    0x08000da4   0x08000da4   0x000001f0   Code   RO          225    .text               stm32f0xx_gpio.o
    0x08000f94   0x08000f94   0x000005f8   Code   RO          241    .text               stm32f0xx_rcc.o
    0x0800158c   0x0800158c   0x000000b4   Code   RO          259    .text               stm32f0xx_misc.o
    0x08001640   0x08001640   0x0000002c   Code   RO          293    .text               mc_p.l(uidiv.o)
    0x0800166c   0x0800166c   0x00000028   Code   RO          295    .text               mc_p.l(idiv.o)
    0x08001694   0x08001694   0x00000024   Code   RO          311    .text               mc_p.l(init.o)
    0x080016b8   0x080016b8   0x00000056   Code   RO          321    .text               mc_p.l(__dczerorl2.o)
    0x0800170e   0x0800170e   0x0000000e   Code   RO          315    i.__scatterload_copy  mc_p.l(handlers.o)
    0x0800171c   0x0800171c   0x00000002   Code   RO          316    i.__scatterload_null  mc_p.l(handlers.o)
    0x0800171e   0x0800171e   0x0000000e   Code   RO          317    i.__scatterload_zeroinit  mc_p.l(handlers.o)
    0x0800172c   0x0800172c   0x00002bf8   Data   RO          148    .constdata          oled.o
    0x08004324   0x08004324   0x00000020   Data   RO          313    Region$$Table       anon$$obj.o


    Execution Region ER_RW (Exec base: 0x20000000, Load base: 0x08004344, Size: 0x00000590, Max: 0xffffffff, ABSOLUTE, COMPRESSED[0x000001c4])

    Exec Addr    Load Addr    Size         Type   Attr      Idx    E Section Name        Object

    0x20000000   COMPRESSED   0x00000568   Data   RW            3    .data               main.o
    0x20000568   COMPRESSED   0x00000014   Data   RW          118    .data               system_stm32f0xx.o
    0x2000057c   COMPRESSED   0x00000004   Data   RW          189    .data               delay.o
    0x20000580   COMPRESSED   0x00000010   Data   RW          242    .data               stm32f0xx_rcc.o


    Execution Region ER_ZI (Exec base: 0x20000590, Load base: 0x08004508, Size: 0x000007a0, Max: 0xffffffff, ABSOLUTE)

    Exec Addr    Load Addr    Size         Type   Attr      Idx    E Section Name        Object

    0x20000590        -       0x000003a0   Zero   RW          147    .bss                oled.o
    0x20000930        -       0x00000400   Zero   RW          138    STACK               startup_stm32f0xx.o


==============================================================================

Image component sizes


      Code (inc. data)   RO Data    RW Data    ZI Data      Debug   Object Name

       212         20          0          4          0      85703   delay.o
       336         32          0       1384          0      10523   main.o
      2188         42      11256          0        928       9101   oled.o
        28          8        192          0       1024        676   startup_stm32f0xx.o
       496         22          0          0          0       3905   stm32f0xx_gpio.o
        12          0          0          0          0      15671   stm32f0xx_it.o
       180         14          0          0          0       1520   stm32f0xx_misc.o
      1528         42          0         16          0       8846   stm32f0xx_rcc.o
       504         34          0         20          0       1879   system_stm32f0xx.o

    ----------------------------------------------------------------------
      5484        214      11480       1424       1952     137824   Object Totals
         0          0         32          0          0          0   (incl. Generated)
         0          0          0          0          0          0   (incl. Padding)

    ----------------------------------------------------------------------

      Code (inc. data)   RO Data    RW Data    ZI Data      Debug   Library Member Name

        86          0          0          0          0          0   __dczerorl2.o
         0          0          0          0          0          0   entry.o
         0          0          0          0          0          0   entry10a.o
         0          0          0          0          0          0   entry11a.o
         8          4          0          0          0          0   entry2.o
         4          0          0          0          0          0   entry5.o
         0          0          0          0          0          0   entry7b.o
         0          0          0          0          0          0   entry8b.o
         8          4          0          0          0          0   entry9a.o
        30          0          0          0          0          0   handlers.o
        40          0          0          0          0         72   idiv.o
        36          8          0          0          0         68   init.o
        44          0          0          0          0         72   uidiv.o

    ----------------------------------------------------------------------
       256         16          0          0          0        212   Library Totals
         0          0          0          0          0          0   (incl. Padding)

    ----------------------------------------------------------------------

      Code (inc. data)   RO Data    RW Data    ZI Data      Debug   Library Name

       256         16          0          0          0        212   mc_p.l

    ----------------------------------------------------------------------
       256         16          0          0          0        212   Library Totals

    ----------------------------------------------------------------------

==============================================================================


      Code (inc. data)   RO Data    RW Data    ZI Data      Debug   

      5740        230      11480       1424       1952     137820   Grand Totals
      5740        230      11480        452       1952     137820   ELF Image Totals (compressed)
      5740        230      11480        452          0          0   ROM Totals

==============================================================================

    Total RO  Size (Code + RO Data)                17220 (  16.82kB)
    Total RW  Size (RW Data + ZI Data)              3376 (   3.30kB)
    Total ROM Size (Code + RO Data + RW Data)      17672 (  17.26kB)

==============================================================================

